==== START (status: OK) ====
Rscript.exe : Lade n├Âtiges Paket: Matrix
In Zeile:7 Zeichen:1
+ & "C:\Program Files\R\R-4.6.1\bin\Rscript.exe" $src 2>&1 | Out-File - ...
+ ~~~~~~~~~~~~~~~~~~~~~~~~~~~~~~~~~~~~~~~~~~~~~~~~~~~~~~~~
    + CategoryInfo          : NotSpecified: (Lade n├Âtiges Paket: Matrix:String) [], RemoteException
    + FullyQualifiedErrorId : NativeCommandError
 
Lade n├Âtiges Paket: metadat
Lade n├Âtiges Paket: numDeriv

Loading the 'metafor' package (version 5.0-1). For an
introduction to the package please type: help(metafor)

[1]  0  8 16 24 32 40 48
[1] 20 20 20 20 20 20 20
[1] 100 100 100 100 100 100 100
     bonf holm nocontrol nc_replicated nc_2reps bonf_replicated bonf_2reps
rate    0    0         0             0        0               0          0
     holm_replicated holm_2reps meta_an_1rep meta_an_2reps cohend cohend_1rep
rate               0          0            0             0      0           0
     cohend_2reps
rate            0
          bonf      holm nocontrol nc_replicated  nc_2reps bonf_replicated
[1,] 0.8380952 0.9619048 0.9714286     0.9238095 0.8952381       0.7809524
     bonf_2reps holm_replicated holm_2reps meta_an_1rep meta_an_2reps    cohend
[1,]  0.7333333       0.9047619  0.8666667            1     0.9904762 0.9714286
     cohend_1rep cohend_2reps
[1,]   0.9047619    0.8761905
     bonf holm nocontrol nc_replicated nc_2reps bonf_replicated bonf_2reps
[1,]    0  0.4       0.4           0.4        0               0          0
     holm_replicated holm_2reps meta_an_1rep meta_an_2reps cohend cohend_1rep
[1,]             0.2          0            1           0.8    0.4           0
     cohend_2reps
[1,]            0
==== END (status: 0) ====
