Rscript.exe : Lade n├Âtiges Paket: Matrix
In Zeile:10 Zeichen:1
+ & "C:\Program Files\R\R-4.6.1\bin\Rscript.exe" $modPath 2>&1 | Out-Fi ...
+ ~~~~~~~~~~~~~~~~~~~~~~~~~~~~~~~~~~~~~~~~~~~~~~~~~~~~~~~~~~~~
    + CategoryInfo          : NotSpecified: (Lade n├Âtiges Paket: Matrix:String) [], RemoteException
    + FullyQualifiedErrorId : NativeCommandError
 
Lade n├Âtiges Paket: metadat
Lade n├Âtiges Paket: numDeriv

Loading the 'metafor' package (version 5.0-1). For an
introduction to the package please type: help(metafor)

[1]  0  8 16 24 32 40 48
[1] 20 20 20 20 20 20 20
[1] 100 100 100 100 100 100 100
     bonf holm nocontrol nc_replicated nc_2reps bonf_replicated bonf_2reps
rate    0    0         0             0        0               0          0
     holm_replicated holm_2reps meta_an_1rep meta_an_2reps cohend cohend_1rep
rate               0          0            0             0      0           0
     cohend_2reps
rate            0
          bonf      holm nocontrol nc_replicated  nc_2reps bonf_replicated
[1,] 0.8264762 0.9106667 0.9430476     0.8979048 0.8582857       0.7586667
     bonf_2reps holm_replicated holm_2reps meta_an_1rep meta_an_2reps cohend
[1,]   0.728381       0.8488571   0.807619    0.9929524     0.9995238  0.928
     cohend_1rep cohend_2reps
[1,]   0.8760952    0.8344762
     bonf  holm nocontrol nc_replicated nc_2reps bonf_replicated bonf_2reps
[1,]    0 0.146       0.2         0.034    0.008               0          0
     holm_replicated holm_2reps meta_an_1rep meta_an_2reps cohend cohend_1rep
[1,]           0.018      0.002        0.864          0.99  0.116       0.016
     cohend_2reps
[1,]        0.002
