Row1 after J2QGS hard-coding:
  SMD_post vSMD_post SMCR vSMCR
1       NA     -0.51   NA -0.51

Overall SMD (J2QGS script):

Random-Effects Model (k = 15; tau^2 estimator: REML)

  logLik  deviance       AIC       BIC      AICc   
-10.6832   21.3665   25.3665   26.6446   26.4574   

tau^2 (estimated amount of total heterogeneity): 0.0979 (SE = 0.1023)
tau (square root of estimated tau^2 value):      0.3130
I^2 (total heterogeneity / total variability):   36.27%
H^2 (total variability / sampling variability):  1.57

Test for Heterogeneity:
Q(df = 14) = 21.2057, p-val = 0.0965

Model Results:

estimate      se    zval    pval    ci.lb   ci.ub    
  0.1986  0.1361  1.4586  0.1447  -0.0683  0.4654    

---
Signif. codes:  0 '***' 0.001 '**' 0.01 '*' 0.05 '.' 0.1 ' ' 1

Rscript.exe : Warnmeldung:
In Zeile:1 Zeichen:1
+ & "C:\Program Files\R\R-4.6.1\bin\Rscript.exe" "R\j2qgs_variant_check ...
+ ~~~~~~~~~~~~~~~~~~~~~~~~~~~~~~~~~~~~~~~~~~~~~~~~~~~~~~~~~~~~~~~~~~~~~
    + CategoryInfo          : NotSpecified: (Warnmeldung::String) [], RemoteException
    + FullyQualifiedErrorId : NativeCommandError
 
1 study with NAs omitted from model fitting. 

Overall SMCR (J2QGS script):

Random-Effects Model (k = 15; tau^2 estimator: REML)

  logLik  deviance       AIC       BIC      AICc   
-11.5063   23.0126   27.0126   28.2907   28.1035   

tau^2 (estimated amount of total heterogeneity): 0.1619 (SE = 0.1114)
tau (square root of estimated tau^2 value):      0.4023
I^2 (total heterogeneity / total variability):   56.08%
H^2 (total variability / sampling variability):  2.28

Test for Heterogeneity:
Q(df = 14) = 32.9281, p-val = 0.0030

Model Results:

estimate      se    zval    pval    ci.lb   ci.ub    
  0.1479  0.1415  1.0451  0.2960  -0.1295  0.4254    

---
Signif. codes:  0 '***' 0.001 '**' 0.01 '*' 0.05 '.' 0.1 ' ' 1

Warnmeldung:
1 study with NAs omitted from model fitting. 

--- kd3en script Row1 (for contrast) ---
