==== START (status: running) ====
Python 3.8.10

--- Independent Hedges' g (SMD) from raw post data ---
den  Boer and Westenberg (1992)          g= 0.3749 v= 0.2897
Epperson et al. (1996)                   g=-2.1315 v= 0.4125
Labuschange et al. (2012)                g= 0.2444 v= 0.1071
den  Boer and Westenberg (1992)          g=-1.0486 v= 0.3296
Epperson et al. (1996)                   g=-0.5696 v= 0.2619
Gibson (2012)                            g= 0.1837 v= 0.1935
Guastella et al. (2009)                  g= 0.3168 v= 0.1519
Labuschange et al. (2012)                g= 0.1080 v= 0.1064
MacDonald et al. (2012)                  g= 0.4099 v= 0.1146
McRae-Clark et al. (2013)                g=-0.1453 v= 0.2241
Pedersen et al. (2011)                   g=-0.6007 v= 0.1943
Pedersen et al. (2013)                   g=-0.4594 v= 0.3377
Anagnostou et al. (2012)                 g=-0.5077 v= 0.1994
Anagnostou et al. (2012)                 g= 0.4566 v= 0.1981
Dadds et al. (2014)                      g=-0.0188 v= 0.1009
Dadds et al. (2014)                      g=-0.2325 v= 0.1016
Epperson et al. (1996)                   g=-0.5696 v= 0.2619
Davis et al. (2014)                      g= 0.3246 v= 0.1586
Feifel et al. (2010)                     g=-0.4037 v= 0.1289
Gibson (2012)                            g=-0.5539 v= 0.2007
Lee et al. (2013)                        g=-0.5581 v= 0.1409
Modabbernia et al. (2013)                g=-0.8442 v= 0.1050
Pederson et al. (2011)                   g=-0.2965 v= 0.1875
Davis et al. (2014)                      g=-0.4255 v= 0.1602
Feifel et al. (2010)                     g=-0.2192 v= 0.1270
Gibson (2012)                            g=-0.3099 v= 0.1951
Lee et al. (2013)                        g= 0.8976 v= 0.1497
Modabbernia et al. (2013)                g=-0.4990 v= 0.0992
Pedersen et al. (2011)                   g=-0.2361 v= 0.1867

--- Independent SMCR point estimates (oxyprev-placebo) ---
den  Boer and Westenberg (1992)          SMCR= 0.3977
Epperson et al. (1996)                   SMCR=-0.8558
Labuschange et al. (2012)                SMCR=-0.2039
den  Boer and Westenberg (1992)          SMCR=-0.9692
Epperson et al. (1996)                   SMCR=-0.5491
Gibson (2012)                            SMCR= 0.3922
Guastella et al. (2009)                  SMCR= 0.4075
Labuschange et al. (2012)                SMCR=-0.9291
MacDonald et al. (2012)                  SMCR= 0.6777
McRae-Clark et al. (2013)                SMCR=-0.3141
Pedersen et al. (2011)                   SMCR=-0.3597
Pedersen et al. (2013)                   SMCR= 1.4801
Anagnostou et al. (2012)                 SMCR=-0.4148
Anagnostou et al. (2012)                 SMCR= 0.2133
Dadds et al. (2014)                      SMCR= 0.4528
Dadds et al. (2014)                      SMCR= 0.2179
Epperson et al. (1996)                   SMCR=-0.5491
Davis et al. (2014)                      SMCR= 0.1002
Feifel et al. (2010)                     SMCR=-0.3668
Gibson (2012)                            SMCR=-0.2712
Lee et al. (2013)                        SMCR= 0.0028
Modabbernia et al. (2013)                SMCR=-0.8072
Pederson et al. (2011)                   SMCR=-0.6232
Davis et al. (2014)                      SMCR= 0.3313
Feifel et al. (2010)                     SMCR=-0.3596
Gibson (2012)                            SMCR= 0.0566
Lee et al. (2013)                        SMCR= 0.4204
Modabbernia et al. (2013)                SMCR=-0.4196
Pedersen et al. (2011)                   SMCR=-0.6004

--- REML random-effects OVERALL meta-analysis (independent Python) ---
SMCR overall: ES=0.1672 SE=0.1354 z=1.2348 p=0.2169 tau2=0.1523
SMD  overall: ES=0.2162 SE=0.1296 z=1.6682 p=0.09527 tau2=0.0886
SMCR Q=33.7072 p=0.0037
SMD  Q=21.7585 p=0.1143

disorder levels: ['anxiety', 'depression', 'psychopathology', 'psychotic', 'repetitive']

--- Independent REML moderator ~ disorder (Table 1) ---
SMCR:
  tau2=0.0918  QE p=0.5043
  anxiety          ES=0.0861 SE=0.1673 z=0.5149 p=0.6066
  depression       ES=0.2902 SE=0.2677 z=1.0842 p=0.2783
  psychopathology  ES=0.1033 SE=0.1824 z=0.5664 p=0.5711
  psychotic        ES=0.3069 SE=0.1825 z=1.6813 p=0.0927
  repetitive       ES=-0.0597 SE=0.2066 z=-0.2888 p=0.7727
SMD:
  tau2=0.0686  QE p=0.3192
  anxiety          ES=0.0823 SE=0.1753 z=0.4694 p=0.6388
  depression       ES=0.2773 SE=0.2693 z=1.0298 p=0.3031
  psychopathology  ES=0.1417 SE=0.1941 z=0.7304 p=0.4652
  psychotic        ES=0.4138 SE=0.1945 z=2.1277 p=0.0334
  repetitive       ES=0.1494 SE=0.2172 z=0.6878 p=0.4916

psycho_tot SMCR: ES=0.2101 z=1.0363 p=0.3001
psycho_tot SMD : ES=0.2786 z=1.0934 p=0.2742

--- negative-direction outcome counts (overall set, n=16) ---
SMCR(oxy-placebo) negative count: 6
SMD(oxy-placebo) negative count: 4
==== END (status: OK) ====
