==== START (status: running) ====
R  R version 4.6.1 (2026-06-24 ucrt) 
metafor  5.0.1 
date:  Mon Sep 14 19:43:07 2026 
data_file: dat.csv md5:  765e634cabc57eaa59a4a60bd6f3ef3f 

---- COUNT NEGATIVE-DIRECTION OUTCOMES (of those used in overall meta-analysis) ----
rows with overall==1: 16 
SMD_post*-1 < 0 count: 4 
SMCR*-1 < 0 count: 6 
SMCR*-1 values:
 [1]  0.510  0.815  0.477 -0.385  0.887 -0.645  0.279 -0.950  0.383 -0.209  0.347  0.253  0.775  0.579 -0.316 -0.398
SMD_post*-1 values:
 [1]  0.510  1.049  0.570 -0.317 -0.108 -0.410  0.145  0.459  0.508  0.232  0.404  0.554  0.844  0.297  0.425 -0.898
attr(,"ni")
 [1] NA 12 14 25 36 34 16 11 19 38 30 19 40 20 24 28
attr(,"measure")
[1] "SMD"

==== OVERALL SMCR (author code rma(SMCR*-1)) ====

Random-Effects Model (k = 16; tau^2 estimator: REML)

  logLik  deviance       AIC       BIC      AICc   
-12.0702   24.1403   28.1403   29.5564   29.1403   

tau^2 (estimated amount of total heterogeneity): 0.1523 (SE = 0.1049)
tau (square root of estimated tau^2 value):      0.3902
I^2 (total heterogeneity / total variability):   54.04%
H^2 (total variability / sampling variability):  2.18

Test for Heterogeneity:
Q(df = 15) = 33.6543, p-val = 0.0038

Model Results:

estimate      se    zval    pval    ci.lb   ci.ub    
  0.1671  0.1354  1.2346  0.2170  -0.0982  0.4325    

---
Signif. codes:  0 '***' 0.001 '**' 0.01 '*' 0.05 '.' 0.1 ' ' 1

tau^2 CI:
[1] -0.09819645
[1] 0.4324594

==== OVERALL SMD (author code rma(SMD_post*-1)) ====

Random-Effects Model (k = 16; tau^2 estimator: REML)

  logLik  deviance       AIC       BIC      AICc   
-11.1318   22.2635   26.2635   27.6796   27.2635   

tau^2 (estimated amount of total heterogeneity): 0.0886 (SE = 0.0955)
tau (square root of estimated tau^2 value):      0.2977
I^2 (total heterogeneity / total variability):   33.88%
H^2 (total variability / sampling variability):  1.51

Test for Heterogeneity:
Q(df = 15) = 21.7382, p-val = 0.1149

Model Results:

estimate      se    zval    pval    ci.lb   ci.ub    
  0.2162  0.1296  1.6682  0.0953  -0.0378  0.4702  . 

---
Signif. codes:  0 '***' 0.001 '**' 0.01 '*' 0.05 '.' 0.1 ' ' 1

tau^2 CI:
[1] -0.03780456
[1] 0.4701557

==== SMCR MODERATOR ~ disorder -1 (Table 1 SMCR rows) ====

Mixed-Effects Model (k = 30; tau^2 estimator: REML)

  logLik  deviance       AIC       BIC      AICc   
-16.9955   33.9910   45.9910   53.3043   50.6577   

tau^2 (estimated amount of residual heterogeneity):     0.0918 (SE = 0.0625)
tau (square root of estimated tau^2 value):             0.3029
I^2 (residual heterogeneity / unaccounted variability): 41.92%
H^2 (unaccounted variability / sampling variability):   1.72
R^2 (amount of heterogeneity accounted for):            0.00%

Test for Residual Heterogeneity:
QE(df = 25) = 42.9894, p-val = 0.0140

Test of Moderators (coefficients 1:5):
QM(df = 5) = 4.6721, p-val = 0.4572

Model Results:

                         estimate      se     zval    pval    ci.lb   ci.ub    
disorderanxiety            0.0861  0.1673   0.5147  0.6067  -0.2417  0.4139    
disorderdepression         0.2902  0.2677   1.0843  0.2782  -0.2344  0.8149    
disorderpsychopathology    0.1033  0.1824   0.5664  0.5711  -0.2542  0.4608    
disorderpsychotic          0.3069  0.1825   1.6814  0.0927  -0.0508  0.6647  . 
disorderrepetitive        -0.0597  0.2066  -0.2889  0.7726  -0.4646  0.3452    

---
Signif. codes:  0 '***' 0.001 '**' 0.01 '*' 0.05 '.' 0.1 ' ' 1


==== SMD MODERATOR ~ disorder -1 (Table 1 SMD rows) ====

Mixed-Effects Model (k = 30; tau^2 estimator: REML)

  logLik  deviance       AIC       BIC      AICc   
-20.1350   40.2700   52.2700   59.5833   56.9367   

tau^2 (estimated amount of residual heterogeneity):     0.0686 (SE = 0.0693)
tau (square root of estimated tau^2 value):             0.2620
I^2 (residual heterogeneity / unaccounted variability): 27.82%
H^2 (unaccounted variability / sampling variability):   1.39
R^2 (amount of heterogeneity accounted for):            0.00%

Test for Residual Heterogeneity:
QE(df = 25) = 37.1312, p-val = 0.0561

Test of Moderators (coefficients 1:5):
QM(df = 5) = 6.8145, p-val = 0.2348

Model Results:

                         estimate      se    zval    pval    ci.lb   ci.ub    
disorderanxiety            0.0823  0.1753  0.4695  0.6387  -0.2613  0.4259    
disorderdepression         0.2773  0.2693  1.0300  0.3030  -0.2504  0.8051    
disorderpsychopathology    0.1417  0.1941  0.7301  0.4653  -0.2387  0.5221    
disorderpsychotic          0.4138  0.1945  2.1278  0.0334   0.0326  0.7950  * 
disorderrepetitive         0.1493  0.2172  0.6876  0.4917  -0.2763  0.5750    

---
Signif. codes:  0 '***' 0.001 '**' 0.01 '*' 0.05 '.' 0.1 ' ' 1


==== SMCR subset psycho_tot==1 ====

Random-Effects Model (k = 6; tau^2 estimator: REML)

  logLik  deviance       AIC       BIC      AICc   
 -3.4864    6.9728   10.9728   10.1917   16.9728   

tau^2 (estimated amount of total heterogeneity): 0.1316 (SE = 0.1556)
tau (square root of estimated tau^2 value):      0.3627
I^2 (total heterogeneity / total variability):   53.84%
H^2 (total variability / sampling variability):  2.17

Test for Heterogeneity:
Q(df = 5) = 10.9360, p-val = 0.0527

Model Results:

estimate      se    zval    pval    ci.lb   ci.ub    
  0.2101  0.2027  1.0362  0.3001  -0.1873  0.6075    

---
Signif. codes:  0 '***' 0.001 '**' 0.01 '*' 0.05 '.' 0.1 ' ' 1


==== SMD subset psycho_tot==1 ====

Random-Effects Model (k = 6; tau^2 estimator: REML)

  logLik  deviance       AIC       BIC      AICc   
 -4.6596    9.3192   13.3192   12.5381   19.3192   

tau^2 (estimated amount of total heterogeneity): 0.2270 (SE = 0.2460)
tau (square root of estimated tau^2 value):      0.4764
I^2 (total heterogeneity / total variability):   58.78%
H^2 (total variability / sampling variability):  2.43

Test for Heterogeneity:
Q(df = 5) = 12.2636, p-val = 0.0313

Model Results:

estimate      se    zval    pval    ci.lb   ci.ub    
  0.2786  0.2548  1.0933  0.2742  -0.2208  0.7781    

---
Signif. codes:  0 '***' 0.001 '**' 0.01 '*' 0.05 '.' 0.1 ' ' 1


==== TRIMFILL SMCR (default) ====

Estimated number of missing studies on the right side: 0 (SE = 2.4954)

Random-Effects Model (k = 16; tau^2 estimator: REML)

  logLik  deviance       AIC       BIC      AICc   
-12.0702   24.1403   28.1403   29.5564   29.1403   

tau^2 (estimated amount of total heterogeneity): 0.1523 (SE = 0.1049)
tau (square root of estimated tau^2 value):      0.3902
I^2 (total heterogeneity / total variability):   54.04%
H^2 (total variability / sampling variability):  2.18

Test for Heterogeneity:
Q(df = 15) = 33.6543, p-val = 0.0038

Model Results:

estimate      se    zval    pval    ci.lb   ci.ub    
  0.1671  0.1354  1.2346  0.2170  -0.0982  0.4325    

---
Signif. codes:  0 '***' 0.001 '**' 0.01 '*' 0.05 '.' 0.1 ' ' 1


==== TRIMFILL SMD (default) ====

Estimated number of missing studies on the left side: 4 (SE = 2.6863)

Random-Effects Model (k = 20; tau^2 estimator: REML)

  logLik  deviance       AIC       BIC      AICc   
-16.4372   32.8744   36.8744   38.7633   37.6244   

tau^2 (estimated amount of total heterogeneity): 0.1390 (SE = 0.1043)
tau (square root of estimated tau^2 value):      0.3728
I^2 (total heterogeneity / total variability):   43.79%
H^2 (total variability / sampling variability):  1.78

Test for Heterogeneity:
Q(df = 19) = 33.8071, p-val = 0.0194

Model Results:

estimate      se    zval    pval    ci.lb   ci.ub    
  0.0672  0.1283  0.5237  0.6005  -0.1843  0.3187    

---
Signif. codes:  0 '***' 0.001 '**' 0.01 '*' 0.05 '.' 0.1 ' ' 1


==== TRIMFILL SMD (estimator=L0 as in script for smcr) ====

Estimated number of missing studies on the left side: 4 (SE = 2.6863)

Random-Effects Model (k = 20; tau^2 estimator: REML)

  logLik  deviance       AIC       BIC      AICc   
-16.4372   32.8744   36.8744   38.7633   37.6244   

tau^2 (estimated amount of total heterogeneity): 0.1390 (SE = 0.1043)
tau (square root of estimated tau^2 value):      0.3728
I^2 (total heterogeneity / total variability):   43.79%
H^2 (total variability / sampling variability):  1.78

Test for Heterogeneity:
Q(df = 19) = 33.8071, p-val = 0.0194

Model Results:

estimate      se    zval    pval    ci.lb   ci.ub    
  0.0672  0.1283  0.5237  0.6005  -0.1843  0.3187    

---
Signif. codes:  0 '***' 0.001 '**' 0.01 '*' 0.05 '.' 0.1 ' ' 1

Rscript.exe : Fehler in ci.lb[, 1] : falsche Anzahl von Dimensionen
In Zeile:1 Zeichen:1
+ & "C:\Program Files\R\R-4.6.1\bin\Rscript.exe" "R\01_run_authors_anal ...
+ ~~~~~~~~~~~~~~~~~~~~~~~~~~~~~~~~~~~~~~~~~~~~~~~~~~~~~~~~~~~~~~~~~~~~~
    + CategoryInfo          : NotSpecified: (Fehler in ci.lb...von Dimensionen:String) [], RemoteException
    + FullyQualifiedErrorId : NativeCommandError
 
Ruft auf: rbind -> f -> data.frame
Ausf├╝hrung angehalten
