
tau^2 (estimated amount of total heterogeneity): 0.1390 (SE = 0.1043)
tau (square root of estimated tau^2 value):      0.3728
I^2 (total heterogeneity / total variability):   43.79%
H^2 (total variability / sampling variability):  1.78

Test for Heterogeneity:
Q(df = 19) = 33.8071, p-val = 0.0194

Model Results:

estimate      se    zval    pval    ci.lb   ci.ub    
  0.0672  0.1283  0.5237  0.6005  -0.1843  0.3187    

---
Signif. codes:  0 '***' 0.001 '**' 0.01 '*' 0.05 '.' 0.1 ' ' 1


==== TABLE 1 REPRO CSV ====
 kind                   level      ES     SE       z       p  ci.lb ci.ub
 SMCR         disorderanxiety  0.0861 0.1673  0.5147 0.60670 -0.242 0.414
 SMCR      disorderdepression  0.2902 0.2677  1.0843 0.27820 -0.234 0.815
 SMCR disorderpsychopathology  0.1033 0.1824  0.5664 0.57110 -0.254 0.461
 SMCR       disorderpsychotic  0.3069 0.1825  1.6814 0.09268 -0.051 0.665
 SMCR      disorderrepetitive -0.0597 0.2066 -0.2889 0.77260 -0.465 0.345
 SMCR                   tau^2  0.0920 0.0620  1.4687 0.01400  0.006 0.287
  SMD         disorderanxiety  0.0823 0.1753  0.4695 0.63870 -0.261 0.426
  SMD      disorderdepression  0.2773 0.2693  1.0300 0.30300 -0.250 0.805
  SMD disorderpsychopathology  0.1417 0.1941  0.7301 0.46530 -0.239 0.522
  SMD       disorderpsychotic  0.4138 0.1945  2.1278 0.03336  0.033 0.795
  SMD      disorderrepetitive  0.1493 0.2172  0.6876 0.49170 -0.276 0.575
  SMD                   tau^2  0.0690 0.0690  0.9912 0.05610  0.000 0.401

==== OVERALL REPRO CSV ====
 kind   level     ES     SE      z       p  ci.lb ci.ub   tau2    tau2p
 SMCR overall 0.1671 0.1354 1.2346 0.21700 -0.098 0.432 0.1523 0.003807
  SMD overall 0.2162 0.1296 1.6682 0.09527 -0.038 0.470 0.0886 0.114900

==== TRIMFILL SMD REPRO CSV ====
 kind    level     ES     SE      z      p  ci.lb ci.ub missing  k
  SMD trimfill 0.0672 0.1283 0.5237 0.6005 -0.184 0.319       4 20
Rscript.exe : Fehler in Math.data.frame(list(kind = c("SMCR", "SMD"), ES = c(0.210086425283172,  : 
In Zeile:1 Zeichen:1
+ & "C:\Program Files\R\R-4.6.1\bin\Rscript.exe" "R\01_run_authors_anal ...
+ ~~~~~~~~~~~~~~~~~~~~~~~~~~~~~~~~~~~~~~~~~~~~~~~~~~~~~~~~~~~~~~~~~~~~~
    + CategoryInfo          : NotSpecified: (Fehler in Math....6425283172,  : :String) [], RemoteException
    + FullyQualifiedErrorId : NativeCommandError
 
  nicht-numerische Variable(n) in Dataframe: kind
Ruft auf: write.csv ... eval -> <Anonymous> -> is.data.frame -> Math.data.frame
Ausf├╝hrung angehalten
