==== START 01_explore.R (status: RUN) ====
N = 5115  ncol = 52 

== Summary of all numeric columns ==
sex            n=5115 min=1.0000 max=2.0000 mean=1.2725 sd=0.4453 NA=0
age            n=5115 min=15.5452 max=70.9041 mean=21.5991 sd=4.3873 NA=146
edu            n=5115 min=1.0000 max=6.0000 mean=4.9769 sd=0.3939 NA=0
region         n=5115 min=1.0000 max=3.0000 mean=2.9783 sd=0.1816 NA=0
ifsibling      n=5115 min=1.0000 max=2.0000 mean=1.7226 sd=0.4478 NA=0
income         n=5115 min=1.0000 max=5.0000 mean=1.7752 sd=1.0110 NA=0
depress        n=5115 min=0.0000 max=24.0000 mean=3.4221 sd=3.6671 NA=0
anx            n=5115 min=0.0000 max=24.0000 mean=3.5693 sd=4.0150 NA=0
posemo         n=5115 min=6.0000 max=30.0000 mean=22.1548 sd=4.7193 NA=0
negemo         n=5115 min=6.0000 max=30.0000 mean=11.5873 sd=3.8072 NA=0
worry1         n=5115 min=1.0000 max=4.0000 mean=2.2489 sd=0.8016 NA=0
worry2         n=5115 min=1.0000 max=5.0000 mean=2.2536 sd=0.7323 NA=0
worry3         n=5115 min=1.0000 max=5.0000 mean=2.2749 sd=0.7295 NA=0
quarantine     n=5115 min=1.0000 max=4.0000 mean=1.6903 sd=1.1962 NA=0
mindful        n=5115 min=12.0000 max=40.0000 mean=24.9943 sd=4.6711 NA=0
flow           n=5115 min=5.0000 max=35.0000 mean=21.8725 sd=5.6374 NA=0
lonely1        n=5115 min=1.0000 max=3.0000 mean=1.4387 sd=0.6537 NA=0
lonely2        n=5115 min=1.0000 max=3.0000 mean=1.2995 sd=0.5539 NA=0
lonely3        n=5115 min=1.0000 max=3.0000 mean=1.3611 sd=0.5936 NA=0
healthbeh1     n=5115 min=1.0000 max=7.0000 mean=3.3335 sd=2.0574 NA=0
healthbeh2     n=5115 min=1.0000 max=7.0000 mean=2.8870 sd=1.9943 NA=0
healthbeh3     n=5115 min=1.0000 max=7.0000 mean=6.0463 sd=1.5803 NA=0
healthbeh4     n=5115 min=1.0000 max=7.0000 mean=2.5881 sd=1.6649 NA=0
healthbeh5     n=5115 min=1.0000 max=7.0000 mean=1.3498 sd=1.1498 NA=0
healthbeh6     n=5115 min=1.0000 max=7.0000 mean=1.3863 sd=1.0204 NA=0
opt            n=5115 min=6.0000 max=30.0000 mean=22.7732 sd=3.9434 NA=0
iu             n=5115 min=12.0000 max=60.0000 mean=26.6698 sd=7.9739 NA=0
swls           n=5115 min=5.0000 max=35.0000 mean=19.8917 sd=5.6849 NA=0
sleep          n=5115 min=1.0000 max=4.0000 mean=2.8491 sd=0.7540 NA=0
daysbeforemar  n=5115 min=10.9840 max=17.4826 mean=16.3414 sd=0.3725 NA=0
wave           n=5115 min=1.0000 max=1.0000 mean=1.0000 sd=0.0000 NA=0

== quarantine frequency ==

   1    2    3    4 
3762  109  310  934 

== sex freq ==

   1    2 
3721 1394 

== wave freq ==

   1 
5115 

== sample means/SDs (manuscript targets) ==

|--- derived scale descriptives (raw, full N) ---|
flow          mean=21.8725 sd=5.6374
mindful       mean=24.9943 sd=4.6711
healthy(sum)  mean=12.2669 sd=4.3570
unhealthy(sum) mean=5.3241 sd=2.7460
lonely(avg3)  mean=1.3664 sd=0.2394

== flow x mindful correlation ==
r = 0.5604833 
