==== START 02_regression.R (status: RUN) ====

######## VARIANT: V1_raw_noregion ########

-- FLOW --
            outcome                         value
worry         worry  -0.001 [-0.03,0.03] p=0.9684
negemo       negemo   0.002 [-0.02,0.02] p=0.8522
posemo       posemo    0.122 [0.10,0.14] p=0.0000
depress     depress -0.025 [-0.04,-0.01] p=0.0044
anx             anx  -0.004 [-0.02,0.02] p=0.6934
lonely       lonely -0.071 [-0.08,-0.06] p=0.0000
healthy     healthy    0.242 [0.20,0.28] p=0.0000
unhealthy unhealthy -0.096 [-0.12,-0.07] p=0.0000

-- MINDFUL --
            outcome                         value
worry         worry  -0.064 [-0.14,0.01] p=0.0781
negemo       negemo -0.160 [-0.21,-0.11] p=0.0000
posemo       posemo    0.389 [0.33,0.44] p=0.0000
depress     depress -0.104 [-0.15,-0.06] p=0.0000
anx             anx -0.102 [-0.15,-0.05] p=0.0002
lonely       lonely    0.077 [0.04,0.12] p=0.0001
healthy     healthy    0.214 [0.10,0.33] p=0.0004
unhealthy unhealthy    0.104 [0.03,0.18] p=0.0067

-- QUARANTINE --
            outcome                        value
worry         worry   0.066 [0.05,0.09] p=0.0000
negemo       negemo   0.028 [0.01,0.04] p=0.0000
posemo       posemo -0.007 [-0.02,0.01] p=0.3347
depress     depress   0.048 [0.04,0.06] p=0.0000
anx             anx   0.038 [0.02,0.05] p=0.0000
lonely       lonely   0.046 [0.04,0.06] p=0.0000
healthy     healthy   0.049 [0.02,0.08] p=0.0024
unhealthy unhealthy   0.052 [0.03,0.07] p=0.0000

-- FLOWxQUAR --
            outcome                         value
worry         worry -0.031 [-0.05,-0.01] p=0.0037
negemo       negemo -0.027 [-0.04,-0.01] p=0.0004
posemo       posemo  -0.007 [-0.02,0.01] p=0.3776
depress     depress -0.034 [-0.05,-0.02] p=0.0000
anx             anx -0.034 [-0.05,-0.02] p=0.0000
lonely       lonely -0.019 [-0.03,-0.01] p=0.0008
healthy     healthy  -0.022 [-0.06,0.01] p=0.2010
unhealthy unhealthy -0.031 [-0.05,-0.01] p=0.0063

-- MINDxQUAR --
            outcome                        value
worry         worry  0.032 [-0.03,0.09] p=0.2806
negemo       negemo  0.013 [-0.03,0.05] p=0.5409
posemo       posemo -0.022 [-0.07,0.02] p=0.3338
depress     depress  0.016 [-0.02,0.05] p=0.4299
anx             anx  0.038 [-0.01,0.08] p=0.0856
lonely       lonely  0.006 [-0.03,0.04] p=0.6898
healthy     healthy  0.014 [-0.08,0.11] p=0.7697
unhealthy unhealthy  0.055 [-0.01,0.12] p=0.0818

######## VARIANT: V2_log_noregion ########

-- FLOW --
            outcome                         value
worry         worry   0.000 [-0.03,0.03] p=0.9765
negemo       negemo   0.002 [-0.02,0.02] p=0.7996
posemo       posemo    0.122 [0.10,0.14] p=0.0000
depress     depress -0.024 [-0.04,-0.01] p=0.0060
anx             anx  -0.003 [-0.02,0.02] p=0.7499
lonely       lonely -0.070 [-0.08,-0.06] p=0.0000
healthy     healthy    0.243 [0.20,0.29] p=0.0000
unhealthy unhealthy -0.095 [-0.12,-0.07] p=0.0000

-- MINDFUL --
            outcome                         value
worry         worry  -0.065 [-0.14,0.01] p=0.0750
negemo       negemo -0.161 [-0.21,-0.11] p=0.0000
posemo       posemo    0.389 [0.33,0.44] p=0.0000
depress     depress -0.105 [-0.15,-0.06] p=0.0000
anx             anx -0.103 [-0.16,-0.05] p=0.0002
lonely       lonely    0.076 [0.04,0.11] p=0.0001
healthy     healthy    0.214 [0.10,0.33] p=0.0004
unhealthy unhealthy    0.103 [0.03,0.18] p=0.0074

-- QUARANTINE --
            outcome                        value
worry         worry   0.317 [0.22,0.41] p=0.0000
negemo       negemo   0.141 [0.08,0.21] p=0.0000
posemo       posemo -0.051 [-0.12,0.02] p=0.1531
depress     depress   0.237 [0.18,0.30] p=0.0000
anx             anx   0.193 [0.12,0.26] p=0.0000
lonely       lonely   0.233 [0.18,0.28] p=0.0000
healthy     healthy   0.218 [0.07,0.37] p=0.0052
unhealthy unhealthy   0.269 [0.17,0.37] p=0.0000

-- FLOWxQUAR --
            outcome                         value
worry         worry -0.137 [-0.24,-0.04] p=0.0074
negemo       negemo -0.125 [-0.20,-0.05] p=0.0005
posemo       posemo  -0.012 [-0.09,0.06] p=0.7662
depress     depress -0.170 [-0.24,-0.10] p=0.0000
anx             anx -0.179 [-0.25,-0.10] p=0.0000
lonely       lonely -0.102 [-0.16,-0.05] p=0.0002
healthy     healthy  -0.077 [-0.24,0.09] p=0.3597
unhealthy unhealthy -0.166 [-0.27,-0.06] p=0.0020

-- MINDxQUAR --
            outcome                        value
worry         worry  0.158 [-0.13,0.44] p=0.2767
negemo       negemo  0.080 [-0.12,0.28] p=0.4327
posemo       posemo -0.119 [-0.34,0.10] p=0.2836
depress     depress  0.092 [-0.09,0.28] p=0.3349
anx             anx  0.211 [-0.00,0.42] p=0.0513
lonely       lonely  0.058 [-0.09,0.21] p=0.4571
healthy     healthy  0.057 [-0.41,0.53] p=0.8106
unhealthy unhealthy   0.308 [0.01,0.61] p=0.0445

######## VARIANT: V3_raw_region ########

-- FLOW --
            outcome                         value
worry         worry  -0.001 [-0.03,0.03] p=0.9684
negemo       negemo   0.002 [-0.02,0.02] p=0.8522
posemo       posemo    0.122 [0.10,0.14] p=0.0000
depress     depress -0.025 [-0.04,-0.01] p=0.0044
anx             anx  -0.004 [-0.02,0.02] p=0.6934
lonely       lonely -0.071 [-0.08,-0.06] p=0.0000
healthy     healthy    0.242 [0.20,0.28] p=0.0000
unhealthy unhealthy -0.096 [-0.12,-0.07] p=0.0000

-- MINDFUL --
            outcome                         value
worry         worry  -0.064 [-0.14,0.01] p=0.0781
negemo       negemo -0.160 [-0.21,-0.11] p=0.0000
posemo       posemo    0.389 [0.33,0.44] p=0.0000
depress     depress -0.104 [-0.15,-0.06] p=0.0000
anx             anx -0.102 [-0.15,-0.05] p=0.0002
lonely       lonely    0.077 [0.04,0.12] p=0.0001
healthy     healthy    0.214 [0.10,0.33] p=0.0004
unhealthy unhealthy    0.104 [0.03,0.18] p=0.0067

-- QUARANTINE --
            outcome                        value
worry         worry   0.066 [0.05,0.09] p=0.0000
negemo       negemo   0.028 [0.01,0.04] p=0.0000
posemo       posemo -0.007 [-0.02,0.01] p=0.3347
depress     depress   0.048 [0.04,0.06] p=0.0000
anx             anx   0.038 [0.02,0.05] p=0.0000
lonely       lonely   0.046 [0.04,0.06] p=0.0000
healthy     healthy   0.049 [0.02,0.08] p=0.0024
unhealthy unhealthy   0.052 [0.03,0.07] p=0.0000

-- FLOWxQUAR --
            outcome                         value
worry         worry -0.031 [-0.05,-0.01] p=0.0037
negemo       negemo -0.027 [-0.04,-0.01] p=0.0004
posemo       posemo  -0.007 [-0.02,0.01] p=0.3776
depress     depress -0.034 [-0.05,-0.02] p=0.0000
anx             anx -0.034 [-0.05,-0.02] p=0.0000
lonely       lonely -0.019 [-0.03,-0.01] p=0.0008
healthy     healthy  -0.022 [-0.06,0.01] p=0.2010
unhealthy unhealthy -0.031 [-0.05,-0.01] p=0.0063

-- MINDxQUAR --
            outcome                        value
worry         worry  0.032 [-0.03,0.09] p=0.2806
negemo       negemo  0.013 [-0.03,0.05] p=0.5409
posemo       posemo -0.022 [-0.07,0.02] p=0.3338
depress     depress  0.016 [-0.02,0.05] p=0.4299
anx             anx  0.038 [-0.01,0.08] p=0.0856
lonely       lonely  0.006 [-0.03,0.04] p=0.6898
healthy     healthy  0.014 [-0.08,0.11] p=0.7697
unhealthy unhealthy  0.055 [-0.01,0.12] p=0.0818

######## VARIANT: V4_log_region ########

-- FLOW --
            outcome                         value
worry         worry   0.000 [-0.03,0.03] p=0.9765
negemo       negemo   0.002 [-0.02,0.02] p=0.7996
posemo       posemo    0.122 [0.10,0.14] p=0.0000
depress     depress -0.024 [-0.04,-0.01] p=0.0060
anx             anx  -0.003 [-0.02,0.02] p=0.7499
lonely       lonely -0.070 [-0.08,-0.06] p=0.0000
healthy     healthy    0.243 [0.20,0.29] p=0.0000
unhealthy unhealthy -0.095 [-0.12,-0.07] p=0.0000

-- MINDFUL --
            outcome                         value
worry         worry  -0.065 [-0.14,0.01] p=0.0750
negemo       negemo -0.161 [-0.21,-0.11] p=0.0000
posemo       posemo    0.389 [0.33,0.44] p=0.0000
depress     depress -0.105 [-0.15,-0.06] p=0.0000
anx             anx -0.103 [-0.16,-0.05] p=0.0002
lonely       lonely    0.076 [0.04,0.11] p=0.0001
healthy     healthy    0.214 [0.10,0.33] p=0.0004
unhealthy unhealthy    0.103 [0.03,0.18] p=0.0074

-- QUARANTINE --
            outcome                        value
worry         worry   0.317 [0.22,0.41] p=0.0000
negemo       negemo   0.141 [0.08,0.21] p=0.0000
posemo       posemo -0.051 [-0.12,0.02] p=0.1531
depress     depress   0.237 [0.18,0.30] p=0.0000
anx             anx   0.193 [0.12,0.26] p=0.0000
lonely       lonely   0.233 [0.18,0.28] p=0.0000
healthy     healthy   0.218 [0.07,0.37] p=0.0052
unhealthy unhealthy   0.269 [0.17,0.37] p=0.0000

-- FLOWxQUAR --
            outcome                         value
worry         worry -0.137 [-0.24,-0.04] p=0.0074
negemo       negemo -0.125 [-0.20,-0.05] p=0.0005
posemo       posemo  -0.012 [-0.09,0.06] p=0.7662
depress     depress -0.170 [-0.24,-0.10] p=0.0000
anx             anx -0.179 [-0.25,-0.10] p=0.0000
lonely       lonely -0.102 [-0.16,-0.05] p=0.0002
healthy     healthy  -0.077 [-0.24,0.09] p=0.3597
unhealthy unhealthy -0.166 [-0.27,-0.06] p=0.0020

-- MINDxQUAR --
            outcome                        value
worry         worry  0.158 [-0.13,0.44] p=0.2767
negemo       negemo  0.080 [-0.12,0.28] p=0.4327
posemo       posemo -0.119 [-0.34,0.10] p=0.2836
depress     depress  0.092 [-0.09,0.28] p=0.3349
anx             anx  0.211 [-0.00,0.42] p=0.0513
lonely       lonely  0.058 [-0.09,0.21] p=0.4571
healthy     healthy  0.057 [-0.41,0.53] p=0.8106
unhealthy unhealthy   0.308 [0.01,0.61] p=0.0445

######## VARIANT V2 log, STANDARDIZED betas ########

-- FLOW --
            outcome                           val
worry         worry   0.001 [-0.03,0.03] p=0.9765
negemo       negemo   0.004 [-0.03,0.04] p=0.7996
posemo       posemo    0.175 [0.15,0.20] p=0.0000
depress     depress -0.044 [-0.07,-0.01] p=0.0060
anx             anx  -0.005 [-0.04,0.03] p=0.7499
lonely       lonely -0.159 [-0.19,-0.13] p=0.0000
healthy     healthy    0.188 [0.16,0.22] p=0.0000
unhealthy unhealthy -0.117 [-0.15,-0.08] p=0.0000

-- MINDFUL --
            outcome                           val
worry         worry  -0.030 [-0.06,0.00] p=0.0750
negemo       negemo -0.099 [-0.13,-0.07] p=0.0000
posemo       posemo    0.193 [0.17,0.22] p=0.0000
depress     depress -0.067 [-0.10,-0.04] p=0.0000
anx             anx -0.060 [-0.09,-0.03] p=0.0002
lonely       lonely    0.059 [0.03,0.09] p=0.0001
healthy     healthy    0.057 [0.03,0.09] p=0.0004
unhealthy unhealthy    0.044 [0.01,0.08] p=0.0074

-- QUARANTINE --
            outcome                          val
worry         worry   0.092 [0.07,0.12] p=0.0000
negemo       negemo   0.055 [0.03,0.08] p=0.0000
posemo       posemo -0.016 [-0.04,0.01] p=0.1531
depress     depress   0.096 [0.07,0.12] p=0.0000
anx             anx   0.071 [0.05,0.10] p=0.0000
lonely       lonely   0.115 [0.09,0.14] p=0.0000
healthy     healthy   0.037 [0.01,0.06] p=0.0052
unhealthy unhealthy   0.072 [0.05,0.10] p=0.0000

-- FLOWxQUAR --
            outcome                           val
worry         worry -0.043 [-0.07,-0.01] p=0.0074
negemo       negemo -0.053 [-0.08,-0.02] p=0.0005
posemo       posemo  -0.004 [-0.03,0.02] p=0.7662
depress     depress -0.074 [-0.10,-0.05] p=0.0000
anx             anx -0.071 [-0.10,-0.04] p=0.0000
lonely       lonely -0.055 [-0.08,-0.03] p=0.0002
healthy     healthy  -0.014 [-0.04,0.02] p=0.3597
unhealthy unhealthy -0.049 [-0.08,-0.02] p=0.0020

-- MINDxQUAR --
            outcome                          val
worry         worry  0.017 [-0.01,0.05] p=0.2767
negemo       negemo  0.012 [-0.02,0.04] p=0.4327
posemo       posemo -0.014 [-0.04,0.01] p=0.2836
depress     depress  0.014 [-0.01,0.04] p=0.3349
anx             anx  0.029 [-0.00,0.06] p=0.0513
lonely       lonely  0.011 [-0.02,0.04] p=0.4571
healthy     healthy  0.004 [-0.03,0.03] p=0.8106
unhealthy unhealthy   0.031 [0.00,0.06] p=0.0445
