==== START 00_inspect.R (status: RUN) ====
R version: R version 4.6.1 (2026-06-24 ucrt) 
Sheets: data 
New names:
• `` -> `...1`
• `` -> `...2`
• `` -> `...3`
• `` -> `...4`
• `` -> `...5`
• `` -> `...6`
• `` -> `...7`
• `` -> `...8`
• `` -> `...9`
• `` -> `...10`
• `` -> `...11`
• `` -> `...12`
• `` -> `...13`
• `` -> `...14`
• `` -> `...15`
• `` -> `...16`
• `` -> `...17`
• `` -> `...18`
• `` -> `...19`
• `` -> `...20`
• `` -> `...21`
• `` -> `...22`
• `` -> `...23`
• `` -> `...24`
• `` -> `...25`
• `` -> `...26`
• `` -> `...27`
• `` -> `...28`
• `` -> `...29`
• `` -> `...30`
• `` -> `...31`
• `` -> `...32`
• `` -> `...33`
• `` -> `...34`
• `` -> `...35`
• `` -> `...36`
• `` -> `...37`
• `` -> `...38`
• `` -> `...39`
• `` -> `...40`
• `` -> `...41`
• `` -> `...42`
• `` -> `...43`
• `` -> `...44`
• `` -> `...45`
• `` -> `...46`
• `` -> `...47`
• `` -> `...48`
• `` -> `...49`
• `` -> `...50`
• `` -> `...51`
• `` -> `...52`

--- Sheet: data  dims(first 5 rows) ---
# A tibble: 5 × 52
  ...1  ...2   ...3  ...4  ...5  ...6  ...7  ...8  ...9  ...10 ...11 ...12 ...13
  <chr> <chr>  <chr> <chr> <chr> <chr> <chr> <chr> <chr> <chr> <chr> <chr> <chr>
1 sn    daysb… wave  sex   age   edu   regi… home… ifsi… inco… sleep depr… anx  
2 1     10.98… 1     1     25.4… 6     3     1     1     3     2     12    12   
3 2     11.11… 1     1     24.6… 6     3     1     1     5     2     14    15   
4 3     11.12… 1     1     24.6… 6     3     1     1     5     2     11    11   
5 4     12.06… 1     1     30.7… 6     3     1     1     3     2     9     14   
# ℹ 39 more variables: ...14 <chr>, ...15 <chr>, ...16 <chr>, ...17 <chr>,
#   ...18 <chr>, ...19 <chr>, ...20 <chr>, ...21 <chr>, ...22 <chr>,
#   ...23 <chr>, ...24 <chr>, ...25 <chr>, ...26 <chr>, ...27 <chr>,
#   ...28 <chr>, ...29 <chr>, ...30 <chr>, ...31 <chr>, ...32 <chr>,
#   ...33 <chr>, ...34 <chr>, ...35 <chr>, ...36 <chr>, ...37 <chr>,
#   ...38 <chr>, ...39 <chr>, ...40 <chr>, ...41 <chr>, ...42 <chr>,
#   ...43 <chr>, ...44 <chr>, ...45 <chr>, ...46 <chr>, ...47 <chr>, …
==== END 00_inspect.R (status: OK) ====
