==== START (2026-09-15T09:03:09) ====
            Treatment WageSpread eStar_raw eStar_rounded PaperPred
OS                 OS       7.89  73.96875            74        74
TS_stage2   TS_stage2       7.89  73.96875            74        74
THS_stage3 THS_stage3       7.89  73.96875            74        74
OSL               OSL       7.89  73.96875            74        74
       Label Mean   SD   N t_recalc p_recalc PaperP              PaperText
1  OS stage1 71.7 29.1  60  -0.6122   0.5427  0.534  not rejected (p=.534)
2  TS stage1 84.8 19.7  64   4.3858   0.0000     NA        rejected p<.001
3  TS stage2 76.7 26.5  32   0.5764   0.5685  0.565  not rejected (p=.565)
4 THS stage1 79.2 16.2  64   2.5679   0.0126  0.013      rejected (p=.013)
5 THS stage2 83.1 17.3  32   2.9756   0.0056  0.006      rejected (p=.006)
6 THS stage3 74.6 23.9  16   0.1004   0.9213  0.918  not rejected (p=.918)
7 OSL stage1 77.3 25.8 100   1.2791   0.2039  0.199 insignificant (p=.199)
                          Comparison  absz PaperP p_from_z within
1            OS vs TS st1 (Result 2) 2.536  0.011    0.011   TRUE
2 TS finalists st1->st2 Wilcoxon |z| 2.315  0.021    0.021   TRUE
3                       TS st2 vs OS 0.771  0.441    0.441   TRUE
4              THS final vs TS final 0.370  0.710    0.711   TRUE
5             THS prefinal vs TS st1 0.810  0.419    0.418   TRUE
6                  THS st1 vs TS st1 1.850  0.065    0.064   TRUE
7                          OSL vs OS 0.940  0.349    0.347  FALSE
8                          OSL vs TS 1.810  0.070    0.070   TRUE
              Item Reported Author recaltotal
1               OS       60  paper        320
2               TS       64  paper        320
3 TS+OS (two main)      124  paper        320
4              THS       64  paper        320
5              OSL      100  paper        320
6   TSC (footnote)       32  paper        320
7        Total all      320  paper        320
TS/OS ratio: 1.182706 
OSL-OS points: 5.6 
finalist drop: 16.4 
footnote10: 55/76.7 = 0.7170795  -> lower by 0.2829205 
TS min effort reported 40; OS at-or-below 40 = 20%
  Mean   SD  N H0        t           p
1 82.4 24.6 32 42 9.290118 1.80472e-10
Risk CE N check: 124-10 = 114 (Table 3 col 2 reports N=114)
       Label Mean   SD
1  OS stage1 71.7 29.1
2  TS stage1 84.8 19.7
3  TS stage2 76.7 26.5
4 THS stage1 79.2 16.2
5 THS stage2 83.1 17.3
6 THS stage3 74.6 23.9
7 OSL stage1 77.3 25.8

==== ReproAI internal-consistency recompute complete ====
==== END (status: OK) 2026-09-15T09:03:10 ====
