N= 2393 
Linear mixed model fit by REML. t-tests use Satterthwaite's method [
lmerModLmerTest]
Formula: FinancialDifficulties.z ~ Inequality.z + (1 | Village_code_name)
   Data: d

REML criterion at convergence: 6683.8

Scaled residuals: 
    Min      1Q  Median      3Q     Max 
-4.1799 -0.1144  0.1466  0.6309  1.6540 

Random effects:
 Groups            Name        Variance Std.Dev.
 Village_code_name (Intercept) 0.06124  0.2475  
 Residual                      0.93410  0.9665  
Number of obs: 2393, groups:  Village_code_name, 29

Fixed effects:
               Estimate Std. Error         df t value Pr(>|t|)    
(Intercept)    -0.06417    0.05171   28.05847  -1.241    0.225    
Inequality.z    0.13173    0.02043 2387.06401   6.449 1.36e-10 ***
---
Signif. codes:  0 '***' 0.001 '**' 0.01 '*' 0.05 '.' 0.1 ' ' 1

Correlation of Fixed Effects:
            (Intr)
Inequalty.z -0.016

--- with controls ---
                     Estimate  Std. Error         df    t value     Pr(>|t|)
(Intercept)      -0.095196911 0.065051078   66.43698 -1.4634179 1.480684e-01
Inequality.z      0.130853344 0.020401705 2385.51394  6.4138437 1.705265e-10
HouseholdMembers -0.004655627 0.006365416 2385.31328 -0.7313939 4.646104e-01
Gender            0.118730336 0.040044008 2383.37146  2.9649963 3.056905e-03

