N= 1062 

Call:
lm(formula = financial_needs.z ~ inc_ineq_8020ratio_log.z * income_dollar_percap.z, 
    data = d)

Residuals:
    Min      1Q  Median      3Q     Max 
-1.9893 -0.6634 -0.0490  0.6196  3.7358 

Coefficients:
                                                 Estimate Std. Error t value
(Intercept)                                     -0.004836   0.027289  -0.177
inc_ineq_8020ratio_log.z                         0.021175   0.027396   0.773
income_dollar_percap.z                          -0.470975   0.027801 -16.941
inc_ineq_8020ratio_log.z:income_dollar_percap.z -0.083078   0.029040  -2.861
                                                Pr(>|t|)    
(Intercept)                                      0.85938    
inc_ineq_8020ratio_log.z                         0.43974    
income_dollar_percap.z                           < 2e-16 ***
inc_ineq_8020ratio_log.z:income_dollar_percap.z  0.00431 ** 
---
Signif. codes:  0 '***' 0.001 '**' 0.01 '*' 0.05 '.' 0.1 ' ' 1

Residual standard error: 0.8865 on 1056 degrees of freedom
  (2 Beobachtungen als fehlend gel+Âscht)
Multiple R-squared:  0.2163,	Adjusted R-squared:  0.2141 
F-statistic: 97.18 on 3 and 1056 DF,  p-value: < 2.2e-16

b_ineq 0.1310735  inter -2.356378e-06 
slope at income 19871 = 0.0842
slope at income 37500 = 0.0427
slope at income 55128 = 0.0012
median 37500 

