==== START 02c_grid.R ====
T1_drop_log_stdall_prodstd meanAbs=0.00481 maxAbs=0.0173
T2_drop_log_focal        meanAbs=0.00461 maxAbs=0.0148
T3_imp_log_stdall_prodstd meanAbs=0.00768 maxAbs=0.0311
T4_drop_raw_stdall_prodstd meanAbs=0.00560 maxAbs=0.0145
T5_drop_log_stdall_restand meanAbs=0.00461 maxAbs=0.0148
T6_imp_log_focal         meanAbs=0.00726 maxAbs=0.0277

=== T1 detail (stdall, log, drop, prod_std) ===

quar  MINE 0.092 0.054 -0.016 0.096 0.071 0.114 0.037 0.072
     PDF 0.100 0.060 -0.020 0.090 0.070 0.120 0.040 0.080
flow  MINE 0.001 0.005 0.175 -0.043 -0.005 -0.157 0.187 -0.116
     PDF 0.001 0.004 0.170 -0.040 -0.004 -0.150 0.190 -0.120
mind  MINE -0.030 -0.099 0.195 -0.068 -0.060 0.059 0.058 0.044
     PDF -0.040 -0.090 0.190 -0.060 -0.050 0.060 0.060 0.050
fxq   MINE -0.044 -0.054 -0.004 -0.077 -0.074 -0.056 -0.015 -0.050
     PDF -0.040 -0.050 -0.004 -0.060 -0.060 -0.050 -0.010 -0.050
mxq   MINE 0.018 0.012 -0.015 0.015 0.030 0.011 0.004 0.032
     PDF 0.020 0.010 -0.020 0.010 0.030 0.010 0.005 0.040

=== T2 detail (focal std, covariates raw, drop) ===

quar  MINE 0.092 0.054 -0.016 0.096 0.071 0.114 0.037 0.072
     PDF 0.100 0.060 -0.020 0.090 0.070 0.120 0.040 0.080
flow  MINE 0.001 0.005 0.175 -0.043 -0.005 -0.157 0.187 -0.116
     PDF 0.001 0.004 0.170 -0.040 -0.004 -0.150 0.190 -0.120
mind  MINE -0.030 -0.099 0.195 -0.068 -0.060 0.059 0.058 0.044
     PDF -0.040 -0.090 0.190 -0.060 -0.050 0.060 0.060 0.050
fxq   MINE -0.043 -0.053 -0.004 -0.075 -0.072 -0.054 -0.014 -0.048
     PDF -0.040 -0.050 -0.004 -0.060 -0.060 -0.050 -0.010 -0.050
mxq   MINE 0.017 0.012 -0.014 0.014 0.030 0.011 0.004 0.032
     PDF 0.020 0.010 -0.020 0.010 0.030 0.010 0.005 0.040